// Jest Snapshot v1, https://goo.gl/fbAQLP

exports[`infiniteloading base 1`] = `
"<div class=\\"box\\" style=\\"height: 300px; overflow: auto;\\">
  <view class=\\"nut-infiniteloading\\">
    <view class=\\"nut-infinite__container\\"></view>
    <view class=\\"nut-infinite__bottom\\">
      <!--v-if-->
    </view>
  </view>
</div>"
`;
